[    0.000000] Initializing cgroup subsys cpuset
[    0.000000] Initializing cgroup subsys cpu
[    0.000000] Initializing cgroup subsys cpuacct
[    0.000000] Linux version 4.4.0-93-generic (buildd@lgw01-03) (gcc version 5.4.0 20160609 (Ubuntu 5.4.0-6ubuntu1~16.04.4) ) #116-Ubuntu SMP Fri Aug 11 21:17:51 UTC 2017 (Ubuntu 4.4.0-93.116-generic 4.4.79)
[    0.000000] Command line: BOOT_IMAGE=/boot/vmlinuz-4.4.0-93-generic root=LABEL=cloudimg-rootfs ro console=tty1 console=ttyS0
[    0.000000] KERNEL supported cpus:
[    0.000000]   Intel GenuineIntel
[    0.000000]   AMD AuthenticAMD
[    0.000000]   Centaur CentaurHauls
[    0.000000] x86/fpu: xstate_offset[2]:  576, xstate_sizes[2]:  256
[    0.000000] x86/fpu: Supporting XSAVE feature 0x01: 'x87 floating point registers'
[    0.000000] x86/fpu: Supporting XSAVE feature 0x02: 'SSE registers'
[    0.000000] x86/fpu: Supporting XSAVE feature 0x04: 'AVX registers'
[    0.000000] x86/fpu: Enabled xstate features 0x7, context size is 832 bytes, using 'standard' format.
[    0.000000] x86/fpu: Using 'lazy' FPU context switches.
[    0.000000] e820: BIOS-provided physical RAM map:
[    0.000000] BIOS-e820: [mem 0x0000000000000000-0x000000000009fbff] usable
[    0.000000] BIOS-e820: [mem 0x000000000009fc00-0x000000000009ffff] reserved
[    0.000000] BIOS-e820: [mem 0x00000000000f0000-0x00000000000fffff] reserved
[    0.000000] BIOS-e820: [mem 0x0000000000100000-0x000000003ffeffff] usable
[    0.000000] BIOS-e820: [mem 0x000000003fff0000-0x000000003fffffff] ACPI data
[    0.000000] BIOS-e820: [mem 0x00000000fec00000-0x00000000fec00fff] reserved
[    0.000000] BIOS-e820: [mem 0x00000000fee00000-0x00000000fee00fff] reserved
[    0.000000] BIOS-e820: [mem 0x00000000fffc0000-0x00000000ffffffff] reserved
[    0.000000] NX (Execute Disable) protection: active
[    0.000000] SMBIOS 2.5 present.
[    0.000000] Hypervisor detected: KVM
[    0.000000] e820: last_pfn = 0x3fff0 max_arch_pfn = 0x400000000
[    0.000000] MTRR: Disabled
[    0.000000] x86/PAT: MTRRs disabled, skipping PAT initialization too.
[    0.000000] CPU MTRRs all blank - virtualized system.
[    0.000000] x86/PAT: Configuration [0-7]: WB  WT  UC- UC  WB  WT  UC- UC  
[    0.000000] found SMP MP-table at [mem 0x0009fff0-0x0009ffff] mapped at [ffff88000009fff0]
[    0.000000] Scanning 1 areas for low memory corruption
[    0.000000] RAMDISK: [mem 0x36ac4000-0x37559fff]
[    0.000000] ACPI: Early table checksum verification disabled
[    0.000000] ACPI: RSDP 0x00000000000E0000 000024 (v02 VBOX  )
[    0.000000] ACPI: XSDT 0x000000003FFF0030 00003C (v01 VBOX   VBOXXSDT 00000001 ASL  00000061)
[    0.000000] ACPI: FACP 0x000000003FFF00F0 0000F4 (v04 VBOX   VBOXFACP 00000001 ASL  00000061)
[    0.000000] ACPI: DSDT 0x000000003FFF0470 0021C8 (v02 VBOX   VBOXBIOS 00000002 INTL 20100528)
[    0.000000] ACPI: FACS 0x000000003FFF0200 000040
[    0.000000] ACPI: FACS 0x000000003FFF0200 000040
[    0.000000] ACPI: APIC 0x000000003FFF0240 00005C (v02 VBOX   VBOXAPIC 00000001 ASL  00000061)
[    0.000000] ACPI: SSDT 0x000000003FFF02A0 0001CC (v01 VBOX   VBOXCPUT 00000002 INTL 20100528)
[    0.000000] No NUMA configuration found
[    0.000000] Faking a node at [mem 0x0000000000000000-0x000000003ffeffff]
[    0.000000] NODE_DATA(0) allocated [mem 0x3ffeb000-0x3ffeffff]
[    0.000000] kvm-clock: Using msrs 4b564d01 and 4b564d00
[    0.000000] kvm-clock: cpu 0, msr 0:3ffe3001, primary cpu clock
[    0.000000] kvm-clock: using sched offset of 3022034270 cycles
[    0.000000] clocksource: kvm-clock: mask: 0xffffffffffffffff max_cycles: 0x1cd42e4dffb, max_idle_ns: 881590591483 ns
[    0.000000] Zone ranges:
[    0.000000]   DMA      [mem 0x0000000000001000-0x0000000000ffffff]
[    0.000000]   DMA32    [mem 0x0000000001000000-0x000000003ffeffff]
[    0.000000]   Normal   empty
[    0.000000]   Device   empty
[    0.000000] Movable zone start for each node
[    0.000000] Early memory node ranges
[    0.000000]   node   0: [mem 0x0000000000001000-0x000000000009efff]
[    0.000000]   node   0: [mem 0x0000000000100000-0x000000003ffeffff]
[    0.000000] Initmem setup node 0 [mem 0x0000000000001000-0x000000003ffeffff]
[    0.000000] ACPI: PM-Timer IO Port: 0x4008
[    0.000000] IOAPIC[0]: apic_id 2, version 32, address 0xfec00000, GSI 0-23
[    0.000000] ACPI: INT_SRC_OVR (bus 0 bus_irq 0 global_irq 2 dfl dfl)
[    0.000000] ACPI: INT_SRC_OVR (bus 0 bus_irq 9 global_irq 9 high level)
[    0.000000] Using ACPI (MADT) for SMP configuration information
[    0.000000] smpboot: Allowing 2 CPUs, 0 hotplug CPUs
[    0.000000] PM: Registered nosave memory: [mem 0x00000000-0x00000fff]
[    0.000000] PM: Registered nosave memory: [mem 0x0009f000-0x0009ffff]
[    0.000000] PM: Registered nosave memory: [mem 0x000a0000-0x000effff]
[    0.000000] PM: Registered nosave memory: [mem 0x000f0000-0x000fffff]
[    0.000000] e820: [mem 0x40000000-0xfebfffff] available for PCI devices
[    0.000000] Booting paravirtualized kernel on KVM
[    0.000000] clocksource: refined-jiffies: mask: 0xffffffff max_cycles: 0xffffffff, max_idle_ns: 7645519600211568 ns
[    0.000000] setup_percpu: NR_CPUS:512 nr_cpumask_bits:512 nr_cpu_ids:2 nr_node_ids:1
[    0.000000] PERCPU: Embedded 34 pages/cpu @ffff88003fc00000 s98328 r8192 d32744 u1048576
[    0.000000] PV qspinlock hash table entries: 256 (order: 0, 4096 bytes)
[    0.000000] Built 1 zonelists in Node order, mobility grouping on.  Total pages: 257913
[    0.000000] Policy zone: DMA32
[    0.000000] Kernel command line: BOOT_IMAGE=/boot/vmlinuz-4.4.0-93-generic root=LABEL=cloudimg-rootfs ro console=tty1 console=ttyS0
[    0.000000] PID hash table entries: 4096 (order: 3, 32768 bytes)
[    0.000000] Memory: 1001724K/1048120K available (8479K kernel code, 1294K rwdata, 3984K rodata, 1492K init, 1316K bss, 46396K reserved, 0K cma-reserved)
[    0.000000] SLUB: HWalign=64, Order=0-3, MinObjects=0, CPUs=2, Nodes=1
[    0.000000] Hierarchical RCU implementation.
[    0.000000] 	Build-time adjustment of leaf fanout to 64.
[    0.000000] 	RCU restricting CPUs from NR_CPUS=512 to nr_cpu_ids=2.
[    0.000000] RCU: Adjusting geometry for rcu_fanout_leaf=64, nr_cpu_ids=2
[    0.000000] NR_IRQS:33024 nr_irqs:440 16
[    0.000000] Console: colour VGA+ 80x25
[    0.000000] console [tty1] enabled
[    0.000000] console [ttyS0] enabled
[    0.000000] tsc: Detected 2699.998 MHz processor
[    3.556612] Calibrating delay loop (skipped) preset value.. 5399.99 BogoMIPS (lpj=10799992)
[    3.619555] pid_max: default: 32768 minimum: 301
[    3.626585] ACPI: Core revision 20150930
[    3.640935] ACPI: 2 ACPI AML tables successfully acquired and loaded
[    3.642500] Security Framework initialized
[    3.643520] Yama: becoming mindful.
[    3.647263] AppArmor: AppArmor initialized
[    3.698698] Dentry cache hash table entries: 131072 (order: 8, 1048576 bytes)
[    3.750173] Inode-cache hash table entries: 65536 (order: 7, 524288 bytes)
[    3.762204] Mount-cache hash table entries: 2048 (order: 2, 16384 bytes)
[    3.788573] Mountpoint-cache hash table entries: 2048 (order: 2, 16384 bytes)
[    3.798848] Initializing cgroup subsys io
[    3.807507] Initializing cgroup subsys memory
[    3.829566] Initializing cgroup subsys devices
[    3.840170] Initializing cgroup subsys freezer
[    3.847105] Initializing cgroup subsys net_cls
[    3.850965] Initializing cgroup subsys perf_event
[    3.852098] Initializing cgroup subsys net_prio
[    3.853155] Initializing cgroup subsys hugetlb
[    3.855635] Initializing cgroup subsys pids
[    3.869474] CPU: Physical Processor ID: 0
[    3.918032] CPU: Processor Core ID: 0
[    3.936864] mce: CPU supports 0 MCE banks
[    3.960609] Last level iTLB entries: 4KB 64, 2MB 8, 4MB 8
[    3.964125] Last level dTLB entries: 4KB 64, 2MB 0, 4MB 0, 1GB 4
[    3.968965] Freeing SMP alternatives memory: 32K (ffffffff820ba000 - ffffffff820c2000)
[    3.997986] ftrace: allocating 32136 entries in 126 pages
[    4.093266] smpboot: APIC(0) Converting physical 0 to logical package 0
[    4.132866] smpboot: Max logical packages: 1
[    4.134158] x2apic enabled
[    4.145050] Switched APIC routing to physical x2apic.
[    4.176519] ..TIMER: vector=0x30 apic1=0 pin1=2 apic2=-1 pin2=-1
[    4.315225] smpboot: CPU0: Intel(R) Core(TM) i5-5257U CPU @ 2.70GHz (family: 0x6, model: 0x3d, stepping: 0x4)
[    4.403639] Performance Events: unsupported p6 CPU model 61 no PMU driver, software events only.
[    4.425952] KVM setup paravirtual spinlock
[    4.428922] x86: Booting SMP configuration:
[    4.476449] .... node  #0, CPUs:      #1
[    4.482938] kvm-clock: cpu 1, msr 0:3ffe3041, secondary cpu clock
[    4.490188] mce: CPU supports 0 MCE banks
[    4.497969] x86: Booted up 1 node, 2 CPUs
[    4.518646] smpboot: Total of 2 processors activated (10799.99 BogoMIPS)
[    4.559922] devtmpfs: initialized
[    4.606048] evm: security.selinux
[    4.606966] evm: security.SMACK64
[    4.607873] evm: security.SMACK64EXEC
[    4.639376] evm: security.SMACK64TRANSMUTE
[    4.682064] evm: security.SMACK64MMAP
[    4.691470] evm: security.ima
[    4.692268] evm: security.capability
[    4.694863] clocksource: jiffies: mask: 0xffffffff max_cycles: 0xffffffff, max_idle_ns: 7645041785100000 ns
[    4.786485] futex hash table entries: 512 (order: 3, 32768 bytes)
[    4.813317] pinctrl core: initialized pinctrl subsystem
[    4.850727] RTC time: 23:53:37, date: 11/08/17
[    4.872656] NET: Registered protocol family 16
[    4.890397] cpuidle: using governor ladder
[    4.914006] cpuidle: using governor menu
[    4.919573] PCCT header not found.
[    4.924195] ACPI: bus type PCI registered
[    4.931111] acpiphp: ACPI Hot Plug PCI Controller Driver version: 0.5
[    4.936943] PCI: Using configuration type 1 for base access
[    4.961469] ACPI: Added _OSI(Module Device)
[    4.967253] ACPI: Added _OSI(Processor Device)
[    4.992192] ACPI: Added _OSI(3.0 _SCP Extensions)
[    4.994666] ACPI: Added _OSI(Processor Aggregator Device)
[    5.008528] ACPI: Executed 1 blocks of module-level executable AML code
[    5.059835] ACPI: Interpreter enabled
[    5.066152] ACPI: (supports S0 S5)
[    5.066993] ACPI: Using IOAPIC for interrupt routing
[    5.098038] PCI: Using host bridge windows from ACPI; if necessary, use "pci=nocrs" and report a bug
[    5.104809] ACPI: PCI Root Bridge [PCI0] (domain 0000 [bus 00-ff])
[    5.113482] acpi PNP0A03:00: _OSC: OS supports [ASPM ClockPM Segments MSI]
[    5.171070] acpi PNP0A03:00: _OSC failed (AE_NOT_FOUND); disabling ASPM
[    5.224613] acpi PNP0A03:00: fail to add MMCONFIG information, can't access extended PCI configuration space under this bridge.
[    5.238536] PCI host bridge to bus 0000:00
[    5.269750] pci_bus 0000:00: root bus resource [io  0x0000-0x0cf7 window]
[    5.313533] pci_bus 0000:00: root bus resource [io  0x0d00-0xffff window]
[    5.356416] pci_bus 0000:00: root bus resource [mem 0x000a0000-0x000bffff window]
[    5.413789] pci_bus 0000:00: root bus resource [mem 0x40000000-0xffdfffff window]
[    5.437264] pci_bus 0000:00: root bus resource [bus 00-ff]
[    5.440150] pci 0000:00:01.1: legacy IDE quirk: reg 0x10: [io  0x01f0-0x01f7]
[    5.490696] pci 0000:00:01.1: legacy IDE quirk: reg 0x14: [io  0x03f6]
[    5.497665] pci 0000:00:01.1: legacy IDE quirk: reg 0x18: [io  0x0170-0x0177]
[    5.534907] pci 0000:00:01.1: legacy IDE quirk: reg 0x1c: [io  0x0376]
[    5.574981] pci 0000:00:07.0: quirk: [io  0x4000-0x403f] claimed by PIIX4 ACPI
[    5.610024] pci 0000:00:07.0: quirk: [io  0x4100-0x410f] claimed by PIIX4 SMB
[    5.702771] ACPI: PCI Interrupt Link [LNKA] (IRQs 5 9 10 *11)
[    5.770262] ACPI: PCI Interrupt Link [LNKB] (IRQs 5 9 10 *11)
[    5.796755] ACPI: PCI Interrupt Link [LNKC] (IRQs 5 9 *10 11)
[    5.807681] ACPI: PCI Interrupt Link [LNKD] (IRQs 5 *9 10 11)
[    5.855286] ACPI: Enabled 2 GPEs in block 00 to 07
[    5.899225] vgaarb: setting as boot device: PCI:0000:00:02.0
[    5.945504] vgaarb: device added: PCI:0000:00:02.0,decodes=io+mem,owns=io+mem,locks=none
[    6.004292] vgaarb: loaded
[    6.028659] vgaarb: bridge control possible 0000:00:02.0
[    6.068126] SCSI subsystem initialized
[    6.104707] ACPI: bus type USB registered
[    6.142658] usbcore: registered new interface driver usbfs
[    6.186650] usbcore: registered new interface driver hub
[    6.213815] usbcore: registered new device driver usb
[    6.224235] PCI: Using ACPI for IRQ routing
[    6.255784] NetLabel: Initializing
[    6.266414] NetLabel:  domain hash size = 128
[    6.312998] NetLabel:  protocols = UNLABELED CIPSOv4
[    6.355074] NetLabel:  unlabeled traffic allowed by default
[    6.408196] amd_nb: Cannot enumerate AMD northbridges
[    6.442981] clocksource: Switched to clocksource kvm-clock
[    6.513397] AppArmor: AppArmor Filesystem Enabled
[    6.616974] pnp: PnP ACPI init
[    6.693142] pnp: PnP ACPI: found 3 devices
[    6.767932] clocksource: acpi_pm: mask: 0xffffff max_cycles: 0xffffff, max_idle_ns: 2085701024 ns
[    6.902287] NET: Registered protocol family 2
[    6.914870] TCP established hash table entries: 8192 (order: 4, 65536 bytes)
[    7.047256] TCP bind hash table entries: 8192 (order: 5, 131072 bytes)
[    7.090002] TCP: Hash tables configured (established 8192 bind 8192)
[    7.091613] UDP hash table entries: 512 (order: 2, 16384 bytes)
[    7.092900] UDP-Lite hash table entries: 512 (order: 2, 16384 bytes)
[    7.100388] NET: Registered protocol family 1
[    7.127671] pci 0000:00:00.0: Limiting direct PCI/PCI transfers
[    7.137291] pci 0000:00:01.0: Activating ISA DMA hang workarounds
[    7.179777] Unpacking initramfs...
[    8.995178] Freeing initrd memory: 10840K (ffff880036ac4000 - ffff88003755a000)
[    9.140671] RAPL PMU detected, API unit is 2^-32 Joules, 4 fixed counters 10737418240 ms ovfl timer
[    9.244092] hw unit of domain pp0-core 2^-0 Joules
[    9.274863] hw unit of domain package 2^-0 Joules
[    9.340597] hw unit of domain dram 2^-0 Joules
[    9.347131] hw unit of domain pp1-gpu 2^-0 Joules
[    9.367919] platform rtc_cmos: registered platform RTC device (no PNP device found)
[    9.425426] Scanning for low memory corruption every 60 seconds
[    9.519147] audit: initializing netlink subsys (disabled)
[    9.546815] audit: type=2000 audit(1510185221.284:1): initialized
[    9.568013] Initialise system trusted keyring
[    9.614928] HugeTLB registered 2 MB page size, pre-allocated 0 pages
[    9.690039] zbud: loaded
[    9.731805] VFS: Disk quotas dquot_6.6.0
[    9.807587] VFS: Dquot-cache hash table entries: 512 (order 0, 4096 bytes)
[    9.880023] squashfs: version 4.0 (2009/01/31) Phillip Lougher
[    9.918097] fuse init (API version 7.23)
[    9.986154] Key type big_key registered
[   10.057628] Allocating IMA MOK and blacklist keyrings.
[   10.111465] Key type asymmetric registered
[   10.165771] Asymmetric key parser 'x509' registered
[   10.228384] Block layer SCSI generic (bsg) driver version 0.4 loaded (major 249)
[   10.312710] io scheduler noop registered
[   10.338522] io scheduler deadline registered (default)
[   10.423859] tsc: Refined TSC clocksource calibration: 2700.795 MHz
[   10.466847] clocksource: tsc: mask: 0xffffffffffffffff max_cycles: 0x26ee2d24a83, max_idle_ns: 440795209309 ns
[   10.467292] io scheduler cfq registered
[   10.467423] pci_hotplug: PCI Hot Plug PCI Core version: 0.5
[   10.467428] pciehp: PCI Express Hot Plug Controller Driver version: 0.4
[   10.467788] ACPI: AC Adapter [AC] (on-line)
[   10.467858] input: Power Button as /devices/LNXSYSTM:00/LNXPWRBN:00/input/input0
[   10.467862] ACPI: Power Button [PWRF]
[   10.467955] input: Sleep Button as /devices/LNXSYSTM:00/LNXSLPBN:00/input/input1
[   10.467957] ACPI: Sleep Button [SLPF]
[   10.468158] GHES: HEST is not enabled!
[   10.516774] ACPI: Battery Slot [BAT0] (battery present)
[   10.517292] Serial: 8250/16550 driver, 32 ports, IRQ sharing enabled
[   10.543672] 00:02: ttyS0 at I/O 0x3f8 (irq = 4, base_baud = 115200) is a 16550A
[   10.636345] Linux agpgart interface v0.103
[   10.640461] loop: module loaded
[   10.640963] scsi host0: ata_piix
[   10.641010] scsi host1: ata_piix
[   10.641037] ata1: PATA max UDMA/33 cmd 0x1f0 ctl 0x3f6 bmdma 0xd000 irq 14
[   10.641038] ata2: PATA max UDMA/33 cmd 0x170 ctl 0x376 bmdma 0xd008 irq 15
[   10.641104] libphy: Fixed MDIO Bus: probed
[   10.641106] tun: Universal TUN/TAP device driver, 1.6
[   10.641106] tun: (C) 1999-2004 Max Krasnyansky <maxk@qualcomm.com>
[   10.641379] PPP generic driver version 2.4.2
[   10.641427] ehci_hcd: USB 2.0 'Enhanced' Host Controller (EHCI) Driver
[   10.641431] ehci-pci: EHCI PCI platform driver
[   10.641445] ehci-platform: EHCI generic platform driver
[   10.641452] ohci_hcd: USB 1.1 'Open' Host Controller (OHCI) Driver
[   10.641455] ohci-pci: OHCI PCI platform driver
[   10.641462] ohci-platform: OHCI generic platform driver
[   10.641468] uhci_hcd: USB Universal Host Controller Interface driver
[   10.641518] i8042: PNP: PS/2 Controller [PNP0303:PS2K,PNP0f03:PS2M] at 0x60,0x64 irq 1,12
[   10.641955] serio: i8042 KBD port at 0x60,0x64 irq 1
[   10.641958] serio: i8042 AUX port at 0x60,0x64 irq 12
[   10.642045] mousedev: PS/2 mouse device common for all mice
[   10.642339] input: AT Translated Set 2 keyboard as /devices/platform/i8042/serio0/input/input2
[   10.642685] rtc_cmos rtc_cmos: rtc core: registered rtc_cmos as rtc0
[   10.642738] rtc_cmos rtc_cmos: alarms up to one day, 114 bytes nvram
[   10.642744] i2c /dev entries driver
[   10.642793] device-mapper: uevent: version 1.0.3
[   10.642841] device-mapper: ioctl: 4.34.0-ioctl (2015-10-28) initialised: dm-devel@redhat.com
[   10.642855] ledtrig-cpu: registered to indicate activity on CPUs
[   10.643082] NET: Registered protocol family 10
[   10.643239] NET: Registered protocol family 17
[   10.643247] Key type dns_resolver registered
[   10.643361] microcode: CPU0 sig=0x306d4, pf=0x40, revision=0x0
[   10.647289] microcode: CPU1 sig=0x306d4, pf=0x40, revision=0x0
[   10.647338] microcode: Microcode Update Driver: v2.01 <tigran@aivazian.fsnet.co.uk>, Peter Oruba
[   10.647454] registered taskstats version 1
[   10.647467] Loading compiled-in X.509 certificates
[   10.648038] Loaded X.509 cert 'Build time autogenerated kernel key: a6f98c496ad22cf23b77f8fe21ff88c41791cbd4'
[   10.648054] zswap: loaded using pool lzo/zbud
[   10.649545] Key type trusted registered
[   10.651567] Key type encrypted registered
[   10.651573] AppArmor: AppArmor sha1 policy hashing enabled
[   10.651576] ima: No TPM chip found, activating TPM-bypass!
[   10.651590] evm: HMAC attrs: 0x1
[   10.651909]   Magic number: 9:412:908
[   10.651934] mem port: hash matches
[   10.655811] rtc_cmos rtc_cmos: setting system clock to 2017-11-08 23:53:43 UTC (1510185223)
[   10.655885] BIOS EDD facility v0.16 2004-Jun-25, 0 devices found
[   10.655886] EDD information not available.
[   12.793083] Freeing unused kernel memory: 1492K (ffffffff81f45000 - ffffffff820ba000)
[   12.813940] Write protecting the kernel read-only data: 14336k
[   12.848504] Freeing unused kernel memory: 1748K (ffff88000184b000 - ffff880001a00000)
[   12.881804] Freeing unused kernel memory: 112K (ffff880001de4000 - ffff880001e00000)
Loading, please [   12.931775] random: systemd-udevd: uninitialized urandom read (16 bytes read, 5 bits of entropy available)
wait...
startin[   12.932457] random: udevadm: uninitialized urandom read (16 bytes read, 5 bits of entropy available)
g version 229
[   12.932490] random: udevadm: uninitialized urandom read (16 bytes read, 5 bits of entropy available)
[   12.932586] random: udevadm: uninitialized urandom read (16 bytes read, 5 bits of entropy available)
[   12.932622] random: udevadm: uninitialized urandom read (16 bytes read, 5 bits of entropy available)
[   12.932655] random: udevadm: uninitialized urandom read (16 bytes read, 5 bits of entropy available)
[   12.932689] random: udevadm: uninitialized urandom read (16 bytes read, 5 bits of entropy available)
[   12.932721] random: udevadm: uninitialized urandom read (16 bytes read, 5 bits of entropy available)
[   12.932753] random: udevadm: uninitialized urandom read (16 bytes read, 5 bits of entropy available)
[   12.932783] random: udevadm: uninitialized urandom read (16 bytes read, 5 bits of entropy available)
[   13.801470] e1000: Intel(R) PRO/1000 Network Driver - version 7.3.21-k8-NAPI
[   13.828383] e1000: Copyright (c) 1999-2006 Intel Corporation.
[   13.880235] Fusion MPT base driver 3.04.20
[   13.892897] Copyright (c) 1999-2008 LSI Corporation
[   13.954966] AVX version of gcm_enc/dec engaged.
[   13.961590] AES CTR mode by8 optimization enabled
[   13.988343] Fusion MPT SPI Host driver 3.04.20
[   14.112216] input: ImExPS/2 Generic Explorer Mouse as /devices/platform/i8042/serio1/input/input4
[   14.315974] e1000 0000:00:03.0 eth0: (PCI:33MHz:32-bit) 02:04:e4:df:e4:d8
[   14.415734] e1000 0000:00:03.0 eth0: Intel(R) PRO/1000 Network Connection
[   14.823589] e1000 0000:00:08.0 eth1: (PCI:33MHz:32-bit) 08:00:27:b1:fe:23
[   14.826353] e1000 0000:00:08.0 eth1: Intel(R) PRO/1000 Network Connection
[   14.837074] e1000 0000:00:03.0 enp0s3: renamed from eth0
[   14.919536] mptbase: ioc0: Initiating bringup
[   14.980020] e1000 0000:00:08.0 enp0s8: renamed from eth1
[   15.047302] ioc0: LSI53C1030 A0: Capabilities={Initiator}
[   15.241936] scsi host2: ioc0: LSI53C1030 A0, FwRev=00000000h, Ports=1, MaxQ=256, IRQ=20
[   15.463723] scsi 2:0:0:0: Direct-Access     VBOX     HARDDISK         1.0  PQ: 0 ANSI: 5
[   15.542579] scsi target2:0:0: Beginning Domain Validation
[   15.581115] scsi target2:0:0: Domain Validation skipping write tests
[   15.681118] scsi target2:0:0: Ending Domain Validation
[   15.770330] scsi target2:0:0: asynchronous
[   15.790305] scsi 2:0:1:0: Direct-Access     VBOX     HARDDISK         1.0  PQ: 0 ANSI: 5
[   15.841694] scsi target2:0:1: Beginning Domain Validation
[   15.919928] scsi target2:0:1: Domain Validation skipping write tests
[   15.922138] scsi target2:0:1: Ending Domain Validation
[   15.923085] scsi target2:0:1: asynchronous
[   15.928949] sd 2:0:0:0: [sda] 20971520 512-byte logical blocks: (10.7 GB/10.0 GiB)
[   15.988455] sd 2:0:0:0: Attached scsi generic sg0 type 0
[   16.037635] sd 2:0:0:0: [sda] Write Protect is off
[   16.037945] sd 2:0:1:0: [sdb] 20480 512-byte logical blocks: (10.5 MB/10.0 MiB)
[   16.038128] sd 2:0:1:0: [sdb] Write Protect is off
[   16.038224] sd 2:0:1:0: Attached scsi generic sg1 type 0
[   16.038257] sd 2:0:1:0: [sdb] Incomplete mode parameter data
[   16.038258] sd 2:0:1:0: [sdb] Assuming drive cache: write through
[   16.039874] sd 2:0:1:0: [sdb] Attached SCSI disk
[   16.252176] sd 2:0:0:0: [sda] Incomplete mode parameter data
[   16.318777] sd 2:0:0:0: [sda] Assuming drive cache: write through
[   16.394502]  sda: sda1
[   16.417724] sd 2:0:0:0: [sda] Attached SCSI disk
[   16.971601] floppy0: no floppy controllers found
Begin: Loading e[   18.371942] md: linear personality registered for level -1
ssential drivers ... [   18.384196] md: multipath personality registered for level -4
[   18.394991] md: raid0 personality registered for level 0
[   18.408591] md: raid1 personality registered for level 1
[   18.487388] raid6: sse2x1   gen()  7029 MB/s
[   18.623827] raid6: sse2x1   xor()  6759 MB/s
[   18.699132] raid6: sse2x2   gen() 11386 MB/s
[   18.806995] raid6: sse2x2   xor()  7491 MB/s
[   18.943004] raid6: sse2x4   gen() 13092 MB/s
[   19.011219] raid6: sse2x4   xor()  9203 MB/s
[   19.068212] raid6: using algorithm sse2x4 gen() 13092 MB/s
[   19.069476] raid6: .... xor() 9203 MB/s, rmw enabled
[   19.095442] raid6: using ssse3x2 recovery algorithm
[   19.123474] xor: automatically using best checksumming function:
[   19.187198]    avx       : 21877.000 MB/sec
[   19.220766] async_tx: api initialized (async)
[   19.274769] md: raid6 personality registered for level 6
[   19.366689] md: raid5 personality registered for level 5
[   19.369522] md: raid4 personality registered for level 4
[   19.378082] md: raid10 personality registered for level 10
done.
Begin: Running /scripts/init-premount ... done.
Begin: Mounting root file system ... Begin: Running /scripts/local-top ... done.
Begin: Running /script[   19.437260] Btrfs loaded
s/local-premount ... Scanning for Btrfs filesystems
done.
Warning: fsck no[   19.484393] EXT4-fs (sda1): mounted filesystem with ordered data mode. Opts: (null)
t present, so skipping root file system
done.
Begin: Running /scripts/local-bottom ... done.
Begin: Running /scripts/init-bottom ... done.
[   19.616980] systemd[1]: systemd 229 running in system mode. (+PAM +AUDIT +SELINUX +IMA +APPARMOR +SMACK +SYSVINIT +UTMP +LIBCRYPTSETUP +GCRYPT +GNUTLS +ACL +XZ -LZ4 +SECCOMP +BLKID +ELFUTILS +KMOD -IDN)
[   19.680298] systemd[1]: Detected virtualization oracle.
[   19.687110] systemd[1]: Detected architecture x86-64.

Welcome to [1mUbuntu 16.04.3 LTS[0m!

[   19.731757] systemd[1]: Set hostname to <ubuntu>.
[   19.756382] systemd[1]: Initializing machine ID from random generator.
[   19.843286] systemd[1]: Installed transient /etc/machine-id file.
[   19.942891] systemd[1]: Reached target Swap.
[[0;32m  OK  [0m] Reached target Swap.
[   19.975560] systemd[1]: Listening on Device-mapper event daemon FIFOs.
[[0;32m  OK  [0m] Listening on Device-mapper event daemon FIFOs.
[   20.103815] systemd[1]: Listening on udev Kernel Socket.
[[0;32m  OK  [0m] Listening on udev Kernel Socket.
[   20.159412] systemd[1]: Started Trigger resolvconf update for networkd DNS.
[[0;32m  OK  [0m] Started Trigger resolvconf update for networkd DNS.
[   20.235573] systemd[1]: Listening on Syslog Socket.
[[0;32m  OK  [0m] Listening on Syslog Socket.
[   20.280464] systemd[1]: Listening on Journal Socket.
[[0;32m  OK  [0m] Listening on Journal Socket.
[   20.395522] systemd[1]: Listening on /dev/initctl Compatibility Named Pipe.
[[0;32m  OK  [0m] Listening on /dev/initctl Compatibility Named Pipe.
[   20.523594] systemd[1]: Listening on Journal Socket (/dev/log).
[[0;32m  OK  [0m] Listening on Journal Socket (/dev/log).
[   20.587518] systemd[1]: Listening on Journal Audit Socket.
[[0;32m  OK  [0m] Listening on Journal Audit Socket.
[   20.631358] systemd[1]: Reached target Encrypted Volumes.
[[0;32m  OK  [0m] Reached target Encrypted Volumes.
[   20.679333] systemd[1]: Reached target User and Group Name Lookups.
[[0;32m  OK  [0m] Reached target User and Group Name Lookups.
[   20.797172] systemd[1]: Listening on udev Control Socket.
[[0;32m  OK  [0m] Listening on udev Control Socket.
[   20.907654] systemd[1]: Listening on LVM2 metadata daemon socket.
[[0;32m  OK  [0m] Listening on LVM2 metadata daemon socket.
[   21.059505] systemd[1]: Created slice System Slice.
[[0;32m  OK  [0m] Created slice System Slice.
[   21.151467] systemd[1]: Starting Remount Root and Kernel File Systems...
[   21.152118] random: nonblocking pool is initialized
[   21.156351] EXT4-fs (sda1): re-mounted. Opts: (null)
         Starting Remount Root and Kernel File Systems...
[   21.511399] systemd[1]: Mounting Debug File System...
         Mounting Debug File System...
[   21.563730] systemd[1]: Starting Journal Service...
         Starting Journal Service...
[   21.676089] systemd[1]: Starting Monitoring of LVM2 mirrors, snapshots etc. using dmeventd or progress polling...
         Starting Monitoring of LVM2 mirrors... dmeventd or progress polling...
[   21.739272] systemd[1]: Starting Nameserver information manager...
         Starting Nameserver information manager...
[   21.780178] systemd[1]: Starting Uncomplicated firewall...
         Starting Uncomplicated firewall...
[   21.875266] systemd[1]: Mounting POSIX Message Queue File System...
         Mounting POSIX Message Queue File System...
[   21.955609] systemd[1]: Starting Load Kernel Modules...
         Startin[   21.962624] Loading iSCSI transport class v2.0-870.
g Load Kernel Modules...
[   21.972935] iscsi: registered transport (tcp)
[   21.973070] systemd[1]: Mounting Huge Pages File System...
         Mounting Huge Pages File System...
[   22.036541] iscsi: registered transport (iser)
[   22.091356] systemd[1]: Starting Set console keymap...
         Starting Set console keymap...
[   22.135521] systemd[1]: Created slice system-serial\x2dgetty.slice.
[[0;32m  OK  [0m] Created slice system-serial\x2dgetty.slice.
[   22.259652] systemd[1]: Starting Create list of required static device nodes for the current kernel...
         Starting Create list of required st... nodes for the current kernel...
[   22.331711] systemd[1]: Created slice User and Session Slice.
[[0;32m  OK  [0m] Created slice User and Session Slice.
[   22.403497] systemd[1]: Started Forward Password Requests to Wall Directory Watch.
[[0;32m  OK  [0m] Started Forward Password Requests to Wall Directory Watch.
[   22.547485] systemd[1]: Listening on LVM2 poll daemon socket.
[[0;32m  OK  [0m] Listening on LVM2 poll daemon socket.
[   22.647611] systemd[1]: Reached target Slices.
[[0;32m  OK  [0m] Reached target Slices.
[   22.716060] systemd[1]: Set up automount Arbitrary Executable File Formats File System Automount Point.
[[0;32m  OK  [0m] Set up automount Arbitrary Executab...ats File System Automount Point.
[   22.832470] systemd[1]: Mounted Huge Pages File System.
[[0;32m  OK  [0m] Mounted Huge Pages File System.
[   22.911653] systemd[1]: Mounted POSIX Message Queue File System.
[[0;32m  OK  [0m] Mounted POSIX Message Queue File System.
[   22.987650] systemd[1]: Mounted Debug File System.
[[0;32m  OK  [0m] Mounted Debug File System.
[   23.055656] systemd[1]: Started Journal Service.
[[0;32m  OK  [0m] Started Journal Service.
[[0;32m  OK  [0m] Started Remount Root and Kernel File Systems.
[[0;32m  OK  [0m] Started Uncomplicated firewall.
[[0;32m  OK  [0m] Started Load Kernel Modules.
[[0;32m  OK  [0m] Started Set console keymap.
[[0;32m  OK  [0m] Started Create list of required sta...ce nodes for the current kernel.
[[0;32m  OK  [0m] Started Nameserver information manager.
[[0;32m  OK  [0m] Started LVM2 metadata daemon.
         Starting Create Static Device Nodes in /dev...
         Mounting FUSE Control File System...
         Starting Apply Kernel Variables...
         Starting udev Coldplug all Devices...
         Starting Load/Save Random Seed...
         Starting Initial cloud-init job (pre-networking)...
         Starting Flush Journal to Persistent Storage...
[[0;32m  OK  [0m] Mounted FUSE Control File System.
[[0;32m  OK  [0m] Started Monitoring of LVM2 mirrors,...ng dmeventd or progress polling.
[[0;32m  OK  [0m] Started Create Static Device Nodes in /dev.
[[0;32m  OK  [0m] Started Apply Kernel Variables.
[[0;32m  OK  [0m] Started Load/Save Random Seed.
[[0;32m  OK  [0m] Started udev Coldplug all Devices.
[[0;32m  OK  [0m] Started Flush Journal to Persistent Storage.
         Starting udev Kernel Device Manager...
[[0;32m  OK  [0m] Started udev Kernel Device Manager.
[[0;32m  OK  [0m] Reached target Local File Systems (Pre).
[[0;32m  OK  [0m] Reached target Local File Systems.
         Starting LSB: AppArmor initialization...
         Starting Commit a transient machine-id on disk...
         Starting Create Volatile Files and Directories...
         Starting Tell Plymouth To Write Out Runtime Data...
         Starting Set console font and keymap...
[[0;32m  OK  [0m] Started Dispatch Password Requests to Console Directory Watch.
[[0;32m  OK  [0m] Started Commit a transient machine-id on disk.
[[0;32m  OK  [0m] Started Create Volatile Files and Directories.
[[0;32m  OK  [0m] Started Tell Plymouth To Write Out Runtime Data.
[[0;32m  OK  [0m] Found device /dev/ttyS0.
[   18.816166] cloud-init[460]: Cloud-init v. 0.7.9 running 'init-local' at Wed, 08 Nov 2017 23:53:57 +0000. Up 18.46 seconds.
[[0;32m  OK  [0m] Listening on Load/Save RF Kill Switch Status /dev/rfkill Watch.
[[0;32m  OK  [0m] Reached target System Time Synchronized.
         Starting Update UTMP about System Boot/Shutdown...
[[0;32m  OK  [0m] Started LSB: AppArmor initialization.
[[0;32m  OK  [0m] Started Set console font and keymap.
[[0;32m  OK  [0m] Started Initial cloud-init job (pre-networking).
[[0;32m  OK  [0m] Started Update UTMP about System Boot/Shutdown.
[[0;32m  OK  [0m] Reached target Network (Pre).
[[0;32m  OK  [0m] Created slice system-getty.slice.
         Starting Raise network interfaces...
[[0;32m  OK  [0m] Started Raise network interfaces.
[[0;32m  OK  [0m] Reached target Network.
         Starting Initial cloud-init job (metadata service crawler)...
[   22.699189] cloud-init[946]: Cloud-init v. 0.7.9 running 'init' at Wed, 08 Nov 2017 23:54:00 +0000. Up 21.84 seconds.
[   22.760674] cloud-init[946]: ci-info: +++++++++++++++++++++++++++++++++++++Net device info++++++++++++++++++++++++++++++++++++++
[   22.804440] cloud-init[946]: ci-info: +--------+-------+---------------------------+---------------+-------+-------------------+
[   22.804720] cloud-init[946]: ci-info: | Device |   Up  |          Address          |      Mask     | Scope |     Hw-Address    |
[[0;32m  OK  [0m] Started Initial cloud-init job (metadata service crawler).
[   22.805122] cloud-init[946]: ci-info: +--------+-------+---------------------------+---------------+-------+-------------------+
[   22.892497] cloud-init[946]: ci-info: | enp0s8 | False |             .             |       .       |   .   | 08:00:27:b1:fe:23 |
[[0;32m  OK  [0m] Reached target Cloud-config availability.
[   22.893127] cloud-init[946]: ci-info: |   lo   |  True |         127.0.0.1         |   255.0.0.0   |   .   |         .         |
[   22.953311] cloud-init[946]: ci-info: |   lo   |  True |          ::1/128          |       .       |  host |         .         |
[[0;32m  OK  [0m] Reached target Network is Online.
[   22.953495] cloud-init[946]: ci-info: | enp0s3 |  True |         10.0.2.15         | 255.255.255.0 |   .   | 02:04:e4:df:e4:d8 |
[   23.070020] cloud-init[946]: ci-info: | enp0s3 |  True | fe80::4:e4ff:fedf:e4d8/64 |       .       |  link | 02:04:e4:df:e4:d8 |
         [   23.070548] Starting iSCSI initiator daemon (iscsid)...cloud-init
[946]: ci-info: +--------+-------+---------------------------+---------------+-------+-------------------+
[   23.164427] cloud-init[946]: ci-info: +++++++++++++++++++++++++++Route IPv4 info++++++++++++++++++++++++++++
[   23.164959] cloud-init[946]: ci-info: +-------+-------------+----------+---------------+-----------+-------+
[[0;32m  OK  [0m] Reached target System Initialization.
[[   23.165395] cloud-init[946]: ci-info: | Route | Destination | Gateway  |    Genmask    | Interface | Flags |
[   23.233171] cloud-init[946]: ci-info: +-------+-------------+----------+---------------+-----------+-------+
[0;32m  OK  [0m] Started Daily Cleanup of Temporary Directories.
[   23.233377] cloud-init[946]: ci-info: |   0   |   0.0.0.0   | 10.0.2.2 |    0.0.0.0    |   enp0s3  |   UG  |
[   23.329344] cloud-init[946]: ci-info: |   1   |   10.0.2.0  | 0.0.0.0  | 255.255.255.0 |   enp0s3  |   U   |
         Starting Socket activation for snappy daemon.
[[   23.329589] cloud-init[946]: ci-info: +-------+-------------+----------+---------------+-----------+-------+
[   23.449053] cloud-init[946]: Generating public/private rsa key pair.
[0;32m  OK  [0m] Started Daily apt download activities.
[[   23.449246] cloud-init[946]: Your identification has been saved in /etc/ssh/ssh_host_rsa_key.
[   23.537222] cloud-init[946]: Your public key has been saved in /etc/ssh/ssh_host_rsa_key.pub.
[0;32m  OK  [0m] Started Timer to automatically refresh installed snaps.
[   23.537364] cloud-init[946]: The key fingerprint is:
[   23.630313] cloud-init[946]: SHA256:hM829YWVm+pnnu+50MeNSHFJZUlom6k4UL/7ctAN+3Y root@ubuntu-xenial
[[0;32m  OK  [0m] Listening on UUID daemon activation socket.
[   23.630443] cloud-init[946]: The key's randomart image is:
[   23.704816] cloud-init[946]: +---[RSA 2048]----+
[[0;32m  OK  [0m] Started Daily apt upgrade and clean activities.
[   23.705104] cloud-init[946]: |              =++|
[   23.767506] cloud-init[946]: |       . .   *.+ |
[[0;32m  OK  [0m] Reached target Timers.
[   23.767688] cloud-init[946]: |      . o o + Bo |
[   23.840612] cloud-init[946]: |       = . o Oo  |
[[0;32m  OK  [0m] Started ACPI Events Check.
[   23.841315] cloud-init[946]: |        S . *.+  |
[   23.905021] cloud-init[946]: |       . + =.+.+.|
[[0;32m  OK  [0m] Reached target Paths.
[[   23.905148] cloud-init[946]: |          ..+.o.+|
[   23.998545] cloud-init[946]: |           o..++E|
[0;32m  OK  [0m] Listening on ACPID Listen Socket.
[   23.998715] cloud-init[946]: |            +=+==|
[   24.048464] cloud-init[946]: +----[SHA256]-----+
[   24.048850] cloud-init[946]: Generating public/private dsa key pair.
         Starting LXD - unix socket.
[[   24.049023] cloud-init[946]: Your identification has been saved in /etc/ssh/ssh_host_dsa_key.
[   24.129239] cloud-init[946]: Your public key has been saved in /etc/ssh/ssh_host_dsa_key.pub.
[0;32m  OK  [0m] Listening on D-Bus System Message Bus Socket.
[   24.129445] cloud-init[946]: The key fingerprint is:
[   24.252421] cloud-init[946]: SHA256:lIxxxw0an7dOt9HFVuBcWNzmpgbEIV4odwdKrtvFcVw root@ubuntu-xenial
[   24.252976] cloud-init[946]: The key's randomart image is:
[[0;32m  OK  [0m] Listening on Socket activation for snappy daemon.
[[   24.253197] cloud-init[946]: +---[DSA 1024]----+
[   24.340579] cloud-init[946]: |      . o.==+o.=E|
[   24.340732] cloud-init[946]: |       =.X+==+o+=|
[   24.340937] cloud-init[946]: |      . =o*oo.=o+|
[   24.341148] cloud-init[946]: |       . . o.+ o+|
[   24.341342] cloud-init[946]: |        S   =.oo.|
[   24.341537] cloud-init[946]: |         o + .oo |
[0;32m  OK  [0m] Listening on LXD - unix socket.
[[   24.341733] cloud-init[946]: |        . . ...  |
[   24.429169] cloud-init[946]: |                 |
[0;32m  OK  [0m] Started iSCSI initiator daemon (iscsid).
[   24.429300] cloud-init[946]: |                 |
[   24.516459] cloud-init[946]: +----[SHA256]-----+
[   24.544681] cloud-init[946]: Generating public/private ecdsa key pair.
[   24.544997] cloud-init[946]: Your identification has been saved in /etc/ssh/ssh_host_ecdsa_key.
         Starting Login to default iSCSI targets...
[[   24.545155] cloud-init[946]: Your public key has been saved in /etc/ssh/ssh_host_ecdsa_key.pub.
[   24.644128] cloud-init[946]: The key fingerprint is:
[0;32m  OK  [0m] Reached target Sockets.
[   24.644217] cloud-init[946]: SHA256:NR1/OdVjBTRpUnOpKRAz/DWCItFtZnrNC3T8cgVQYxk root@ubuntu-xenial
[   24.688885] cloud-init[946]: The key's randomart image is:
[[0;32m  OK  [0m] Reached target Basic System.
[   24.689071] cloud-init[946]: +---[ECDSA 256]---+
[   24.796964] cloud-init[946]: |     .o o++.+EXoB|
[   24.797399] cloud-init[946]: |     . o Xo=o*+O+|
[[0;32m  OK  [0m] Started D-Bus System Message Bus.
[   24.797608] cloud-init[946]: |      . B O =oBoo|
[   24.888346] cloud-init[946]: |       . + B = ..|
[   24.908398] cloud-init[946]: |        S . =    |
[   24.908986] cloud-init[946]: |           .     |
[   24.909157] cloud-init[946]: |                 |
[   24.909346] cloud-init[946]: |                 |
[   24.909544] cloud-init[946]: |                 |
[   24.909741] cloud-init[946]: +----[SHA256]-----+
[   24.909944] cloud-init[946]: Generating public/private ed25519 key pair.
[   24.910182] cloud-init[946]: Your identification has been saved in /etc/ssh/ssh_host_ed25519_key.
[   24.910386] cloud-init[946]: Your public key has been saved in /etc/ssh/ssh_host_ed25519_key.pub.
         Starting Pollinate to seed the pseudo random number generator...
[   24.911139] cloud-init[946]: The key fingerprint is:
[   25.028576] cloud-init[946]: SHA256:4qQJdCg35ff1POwaMn4wX2uSKQXMK6MgGKMietEQeDQ root@ubuntu-xenial
[   25.029161] cloud-init[946]: The key's randomart image is:
         Starting LSB: MD monitoring daemon...
[   25.029204] cloud-init[946]: +--[ED25519 256]--+
[   25.051447] cloud-init[946]: | oE .            |
[   25.072832] cloud-init[946]: |. o=             |
[   25.073700] [cloud-init[946]: [0;32m  OK  [0m|..=.o .o  .      |] 
Started FUSE filesystem for LXC.
[   25.074107] cloud-init[946]: |o+.o . .+. +     |
[   25.147552] cloud-init[946]: |oo.o  o So  =    |
[   25.153202] cloud-init[946]: |* o..=o.+ ....   |
[   25.153723] cloud-init[946]: |+. oo..oo=.+..   |
         Starting LSB: Record successful boot for GRUB...
[[   25.154115] cloud-init[946]: |. . .  ..o*oo    |
[   25.192343] cloud-init[946]: | .      .o.o     |
[0;32m  OK  [0m] Started Unattended Upgrades Shutdown.
[   25.192484] cloud-init[946]: +----[SHA256]-----+
         Starting Apply the settings specified in cloud-config...
         Starting Accounts Service...
         Starting System Logging Service...
[[0;32m  OK  [0m] Started ACPI event daemon.
[[0;32m  OK  [0m] Started Deferred execution scheduler.
[[0;32m  OK  [0m] Started Regular background program processing daemon.
         Starting LXD - container startup/shutdown...
         Starting /etc/rc.local Compatibility...
         Starting Login Service...
[[0;32m  OK  [0m] Started Snappy daemon.
         Starting Auto import assertions from block devices...
[[0;32m  OK  [0m] Started System Logging Service.
[[0;32m  OK  [0m] Started Pollinate to seed the pseudo random number generator.
[[0;32m  OK  [0m] Started LXD - container startup/shutdown.
[[0;32m  OK  [0m] Started /etc/rc.local Compatibility.
[[0;32m  OK  [0m] Started Auto import assertions from block devices.
[[0;32m  OK  [0m] Started Login to default iSCSI targets.
[[0;32m  OK  [0m] Started LSB: Record successful boot for GRUB.
[[0;32m  OK  [0m] Started LSB: MD monitoring daemon.
         Starting Authenticate and Authorize Users to Run Privileged Tasks...
[[0;32m  OK  [0m] Reached target Remote File Systems (Pre).
[[0;32m  OK  [0m] Reached target Remote File Systems.
         Starting LSB: daemon to balance interrupts for SMP systems...
[   26.149018] cloud-init[1101]: Generating locales (this might take a while)...
         Starting LSB: automatic crash report generation...
         Starting LSB: Set the CPU Frequency Scaling governor to "ondemand"...
         Starting LSB: VirtualBox Linux Additions...
         Starting Permit User Sessions...
         Starting OpenBSD Secure Shell server...
[[0;32m  OK  [0m] Started Permit User Sessions.
[[0;32m  OK  [0m] Started OpenBSD Secure Shell server.
[[0;32m  OK  [0m] Started Login Service.
[[0;32m  OK  [0m] Started Authenticate and Authorize Users to Run Privileged Tasks.
[[0;32m  OK  [0m] Started Accounts Service.
[[0;32m  OK  [0m] Started LSB: Set the CPU Frequency Scaling governor to "ondemand".
[[0;32m  OK  [0m] Started LSB: daemon to balance interrupts for SMP systems.
[[0;32m  OK  [0m] Started LSB: automatic crash report generation.
         Starting Hold until boot process finishes up...
         Starting Terminate Plymouth Boot Screen...
[[0;32m  OK  [0m] Started Hold until boot process finishes up.
[[0;32m  OK  [0m] Started Terminate Plymouth Boot Screen.
         Starting Set console scheme...
[[0;32m  OK  [0m] Started Getty on tty1.
[[0;32m  OK  [0m] Started Serial Getty on ttyS0.
[[0;32m  OK  [0m] Reached target Login Prompts.
[[0;32m  OK  [0m] Started LSB: VirtualBox Linux Additions.
[[0;32m  OK  [0m] Started Set console scheme.
[[0;32m  OK  [0m] Reached target Multi-User System.
[[0;32m  OK  [0m] Reached target Graphical Interface.
         Starting Update UTMP about System Runlevel Changes...
[[0;32m  OK  [0m] Started Update UTMP about System Runlevel Changes.
[   27.637219] cloud-init[1101]:   en_US.UTF-8... done
[   27.647724] cloud-init[1101]: Generation complete.
         Stopping OpenBSD Secure Shell server...
[[0;32m  OK  [0m] Stopped OpenBSD Secure Shell server.
         Starting OpenBSD Secure Shell server...
[[0;32m  OK  [0m] Started OpenBSD Secure Shell server.
[[0;32m  OK  [0m] Created slice User Slice of ubuntu.
         Starting User Manager for UID 1000...
[[0;32m  OK  [0m] Started Session 1 of user ubuntu.
[[0;32m  OK  [0m] Started User Manager for UID 1000.
[   28.087726] cloud-init[1101]: Cloud-init v. 0.7.9 running 'modules:config' at Wed, 08 Nov 2017 23:54:04 +0000. Up 25.93 seconds.
[[0;32m  OK  [0m] Started Apply the settings specified in cloud-config.
         Starting Execute cloud user/final scripts...
ci-info: no authorized ssh keys fingerprints found for user ubuntu.
<14>Nov  8 23:54:07 ec2: 
<14>Nov  8 23:54:07 ec2: #############################################################
<14>Nov  8 23:54:07 ec2: -----BEGIN SSH HOST KEY FINGERPRINTS-----
<14>Nov  8 23:54:07 ec2: 1024 SHA256:lIxxxw0an7dOt9HFVuBcWNzmpgbEIV4odwdKrtvFcVw root@ubuntu-xenial (DSA)
<14>Nov  8 23:54:07 ec2: 256 SHA256:NR1/OdVjBTRpUnOpKRAz/DWCItFtZnrNC3T8cgVQYxk root@ubuntu-xenial (ECDSA)
<14>Nov  8 23:54:07 ec2: 256 SHA256:4qQJdCg35ff1POwaMn4wX2uSKQXMK6MgGKMietEQeDQ root@ubuntu-xenial (ED25519)
<14>Nov  8 23:54:07 ec2: 2048 SHA256:hM829YWVm+pnnu+50MeNSHFJZUlom6k4UL/7ctAN+3Y root@ubuntu-xenial (RSA)
<14>Nov  8 23:54:07 ec2: -----END SSH HOST KEY FINGERPRINTS-----
<14>Nov  8 23:54:07 ec2: #############################################################
-----BEGIN SSH HOST KEY KEYS-----
ecdsa-sha2-nistp256 AAAAE2VjZHNhLXNoYTItbmlzdHAyNTYAAAAIbmlzdHAyNTYAAABBBFCls7P7kJriEgnbujMDsL8jlMgr9UVEZA9FG5SFgZMCHz5ohj9DU2g866pUfOUHIaRPp1FG0AJhgWPb8r3VZwk= root@ubuntu-xenial
ssh-ed25519 AAAAC3NzaC1lZDI1NTE5AAAAIAMFzZfhrAk77ZnwOU0a/qpfM/3HyWgtOWWs0IwB5iNn root@ubuntu-xenial
ssh-rsa AAAAB3NzaC1yc2EAAAADAQABAAABAQDInO3vZLbM7BTxQi879f0jM0khQRfkrvS3yRJRODzUtjnhMlo5RCeM9BFgfZP4hSZJlcrLINC5lS3Wg9wwlpO7JBy7MQWMNlij1TBjQQiXu9WBEtY6GC4u9XWetz4dsIvrzotozP/y4L67kJilwIhcKAVpPfWQrovUtMgBIPoS9OK6kyMvSwBKd9Qic+CuG9ibkLpR4UuHHADIzAh9NUnCYIzbt1VPLRUd8rAkcNrkUgzqUAC+MOPTZhhmFF0oousp1uVkk9hpI+iX7kwoFH8k/eZ/VG0WXU4UYsyFZysDyIT17qEa2BAxUtDMeIY55P+X4W5AHGMxnvBgCXFl/VmB root@ubuntu-xenial
-----END SSH HOST KEY KEYS-----
[   29.352707] cloud-init[1385]: Cloud-init v. 0.7.9 running 'modules:final' at Wed, 08 Nov 2017 23:54:07 +0000. Up 28.82 seconds.
[   29.424396] cloud-init[1385]: ci-info: no authorized ssh keys fingerprints found for user ubuntu.
[   29.468802] cloud-init[1385]: Cloud-init v. 0.7.9 finished at Wed, 08 Nov 2017 23:54:08 +0000. Datasource DataSourceNoCloud [seed=/dev/sdb][dsmode=net].  Up 29.34 seconds
[[0;32m  OK  [0m] Started Execute cloud user/final scripts.
[[0;32m  OK  [0m] Reached target Cloud-init target.

Ubuntu 16.04.3 LTS ubuntu-xenial ttyS0

ubuntu-xenial login: 